<testsuite name="Mocha Tests" tests="1" failures="0" errors="0" skipped="0" timestamp="Thu, 18 Oct 2018 07:47:51 GMT" time="0.004">
<testcase classname="Maths calculation" name="should return the correct value when two numbers are added" time="0"/>
</testsuite>
